// Jest Snapshot v1, https://goo.gl/fbAQLP

exports[`DealsList renders route description 1`] = `"<div><h2>Route description</h2><ul><li><div>London &gt; Amsterdam</div><div>160</div><div>train TLA0500 for 05h 00</div></li><li>Total: 5h0 160</li></ul><button>Reset</button></div>"`;
